
> smartpanditwebsite@0.1.0 build
> next build

Γû▓ Next.js 16.1.6 (Turbopack)
- Environments: .env.local
- Experiments (use with caution):
  ┬╖ serverActions

  Creating an optimized production build ...
Γ£ô Compiled successfully in 30.6s
  Running TypeScript ...
node.exe : Failed to compile.
At line:1 char:1
+ & "C:\Program Files\nodejs/node.exe" "C:\Program Files\nodejs/node_mo ...
+ ~~~~~~~~~~~~~~~~~~~~~~~~~~~~~~~~~~~~~~~~~~~~~~~~~~~~~~~~~~~~~~~~~~~~~
    + CategoryInfo          : NotSpecified: (Failed to compile.:String) [], RemoteEx 
   ception
    + FullyQualifiedErrorId : NativeCommandError
 

./src/app/admin/banners/page.tsx:18:237
Type error: Argument of type '(b: { _id: string; title: string; position: string; 
order: number; status: string; }) => JSX.Element' is not assignable to parameter of 
type '(value: IBanner & Required<{ _id: ObjectId; }> & { __v: number; }, index: 
number, array: (IBanner & Required<{ _id: ObjectId; }> & { ...; })[]) => Element'.
  Types of parameters 'b' and 'value' are incompatible.
    Type 'IBanner & Required<{ _id: ObjectId; }> & { __v: number; }' is not 
assignable to type '{ _id: string; title: string; position: string; order: number; 
status: string; }'.
      Types of property '_id' are incompatible.
        Type 'ObjectId' is not assignable to type 'string'.

[0m [90m 16 |[39m     [33m<[39m[33mdiv[39m 
className[33m=[39m[32m"space-y-6"[39m[33m>[39m
 [90m 17 |[39m       [33m<[39m[33mdiv[39m className[33m=[39m[32m"flex justif
y-between"[39m[33m>[39m[33m<[39m[33mdiv[39m[33m>[39m[33m<[39m[33mh1[39m 
className[33m=[39m[32m"font-heading text-3xl font-bold"[39m[33m>[39m[33mBanner
s[39m[33m<[39m[33m/[39m[33mh1[39m[33m>[39m[33m<[39m[33mp[39m 
className[33m=[39m[32m"mt-1 text-gray-600"[39m[33m>[39m[33mPromotional[39m ba
nners[33m<[39m[33m/[39m[33mp[39m[33m>[39m[33m<[39m[33m/[39m[33mdiv[39m
[33m>[39m[33m<[39m[33mButton[39m asChild[33m>[39m[33m<[39m[33mLink[39m 
href[33m=[39m[32m"/admin/banners/new"[39m[33m>[39m[33m<[39m[33mPlus[39m 
className[33m=[39m[32m"mr-2 h-4 w-4"[39m [33m/[39m[33m>[39m[33mAdd[39m [33
mBanner[39m[33m<[39m[33m/[39m[33mLink[39m[33m>[39m[33m<[39m[33m/[39m[33
mButton[39m[33m>[39m[33m<[39m[33m/[39m[33mdiv[39m[33m>[39m
[31m[1m>[22m[39m[90m 18 |[39m       
[33m<[39m[33mCard[39m[33m>[39m[33m<[39m[33mCardContent[39m className[33m=
[39m[32m"p-0"[39m[33m>[39m[33m<[39m[33mTable[39m[33m>[39m[33m<[39m[33mTa
bleHeader[39m[33m>[39m[33m<[39m[33mTableRow[39m[33m>[39m[33m<[39m[33mTabl
eHead[39m[33m>[39m[33mTitle[39m[33m<[39m[33m/[39m[33mTableHead[39m[33m>[
39m[33m<[39m[33mTableHead[39m[33m>[39m[33mPosition[39m[33m<[39m[33m/[39m
[33mTableHead[39m[33m>[39m[33m<[39m[33mTableHead[39m[33m>[39m[33mOrder[39m
[33m<[39m[33m/[39m[33mTableHead[39m[33m>[39m[33m<[39m[33mTableHead[39m[3
3m>[39m[33mStatus[39m[33m<[39m[33m/[39m[33mTableHead[39m[33m>[39m[33m<[3
9m[33m/[39m[33mTableRow[39m[33m>[39m[33m<[39m[33m/[39m[33mTableHeader[39m
[33m>[39m[33m<[39m[33mTableBody[39m[33m>[39m{banners[33m.[39mmap((b[33m:[
39m { _id[33m:[39m string[33m;[39m title[33m:[39m string[33m;[39m 
position[33m:[39m string[33m;[39m order[33m:[39m number[33m;[39m 
status[33m:[39m string }) [33m=>[39m ([33m<[39m[33mTableRow[39m key[33m=[39
m{b[33m.[39m_id}[33m>[39m[33m<[39m[33mTableCell[39m[33m>[39m[33m<[39m[33
mLink[39m href[33m=[39m{[32m`/admin/banners/${b._id}`[39m} className[33m=[39m
[32m"font-medium"[39m[33m>[39m{b[33m.[39mtitle}[33m<[39m[33m/[39m[33mLink[
39m[33m>[39m[33m<[39m[33m/[39m[33mTableCell[39m[33m>[39m[33m<[39m[33mTab
leCell[39m[33m>[39m{b[33m.[39mposition}[33m<[39m[33m/[39m[33mTableCell[39m
[33m>[39m[33m<[39m[33mTableCell[39m[33m>[39m{b[33m.[39morder}[33m<[39m[3
3m/[39m[33mTableCell[39m[33m>[39m[33m<[39m[33mTableCell[39m[33m>[39m[33m<
[39m[33mBadge[39m variant[33m=[39m{b[33m.[39mstatus [33m===[39m 
[32m"active"[39m [33m?[39m [32m"success"[39m [33m:[39m [32m"secondary"[39m}
[33m>[39m{b[33m.[39mstatus}[33m<[39m[33m/[39m[33mBadge[39m[33m>[39m[33m<
[39m[33m/[39m[33mTableCell[39m[33m>[39m[33m<[39m[33m/[39m[33mTableRow[39
m[33m>[39m))}[33m<[39m[33m/[39m[33mTableBody[39m[33m>[39m[33m<[39m[33m/
[39m[33mTable[39m[33m>[39m[33m<[39m[33m/[39m[33mCardContent[39m[33m>[39m
[33m<[39m[33m/[39m[33mCard[39m[33m>[39m
 [90m    |[39m                                                                     
                                                                                     
                                                                                   
[31m[1m^[22m[39m
 [90m 19 |[39m     [33m<[39m[33m/[39m[33mdiv[39m[33m>[39m
 [90m 20 |[39m   )[33m;[39m
 [90m 21 |[39m }[0m
Next.js build worker exited with code: 1 and signal: null
